2026-09-18T09:24:08Z INF Thank you for trying Cloudflare Tunnel. Doing so, without a Cloudflare account, is a quick way to experiment and try it out. However, be aware that these account-less Tunnels have no uptime guarantee, are subject to the Cloudflare Online Services Terms of Use (https://www.cloudflare.com/website-terms/), and Cloudflare reserves the right to investigate your use of Tunnels for violations of such terms. If you intend to use Tunnels in production you should use a pre-created named tunnel by following: https://developers.cloudflare.com/cloudflare-one/connections/connect-apps
2026-09-18T09:24:08Z INF Requesting new quick Tunnel on trycloudflare.com...
2026-09-18T09:24:14Z INF +--------------------------------------------------------------------------------------------+
2026-09-18T09:24:14Z INF |  Your quick Tunnel has been created! Visit it at (it may take some time to be reachable):  |
2026-09-18T09:24:14Z INF |  https://gym-supervisors-blocked-soundtrack.trycloudflare.com                              |
2026-09-18T09:24:14Z INF +--------------------------------------------------------------------------------------------+
2026-09-18T09:24:14Z INF Cannot determine default configuration path. No file [config.yml config.yaml] in [~/.cloudflared ~/.cloudflare-warp ~/cloudflare-warp]
2026-09-18T09:24:14Z INF Version 2026.9.1 (Checksum 2837888cc0f5d58f15b6dc478376de90b4d3ba5241c7947455d1e0a0df429712)
2026-09-18T09:24:14Z INF GOOS: windows, GOVersion: go1.26.8, GoArch: amd64
2026-09-18T09:24:14Z INF Settings: map[ha-connections:1 metrics:127.0.0.1:20242 no-autoupdate:true protocol:quic url:http://127.0.0.1:5000]
2026-09-18T09:24:14Z INF cloudflared will not automatically update on Windows systems.
2026-09-18T09:24:14Z INF Generated Connector ID: 13f1342c-0c45-4682-b15e-68917add25c1
2026-09-18T09:24:14Z INF Initial protocol quic
2026-09-18T09:24:14Z INF ICMP proxy will use 192.168.1.32 as source for IPv4
2026-09-18T09:24:14Z INF ICMP proxy will use 2401:4900:8822:d4cb:f4ca:f879:97d2:10c2 in zone Wi-Fi as source for IPv6
2026-09-18T09:24:14Z INF cloudflared does not support loading the system root certificate pool on Windows. Please use --origin-ca-pool <PATH> to specify the path to the certificate pool
2026-09-18T09:24:14Z INF ICMP proxy will use 192.168.1.32 as source for IPv4
2026-09-18T09:24:14Z INF Tunnel connection curve preferences: [X25519MLKEM768 CurveID(65074) CurveP256] connIndex=0 event=0 ip=2606:4700:a8::1
2026-09-18T09:24:14Z INF ICMP proxy will use 2401:4900:8822:d4cb:f4ca:f879:97d2:10c2 in zone Wi-Fi as source for IPv6
2026-09-18T09:24:14Z INF Starting metrics server on 127.0.0.1:20242/metrics
2026-09-18T09:24:14Z INF +-------------------------------------------------------------------------------------+
2026-09-18T09:24:14Z INF |                               CONNECTIVITY PRE-CHECKS                               |
2026-09-18T09:24:14Z INF +-------------------------------------------------------------------------------------+
2026-09-18T09:24:14Z INF |  COMPONENT         TARGET                     STATUS  DETAILS                       |
2026-09-18T09:24:14Z INF |  DNS Resolution    region1.v2.argotunnel.com  PASS    DNS Resolved successfully     |
2026-09-18T09:24:14Z INF |  DNS Resolution    region2.v2.argotunnel.com  PASS    DNS Resolved successfully     |
2026-09-18T09:24:14Z INF |  UDP Connectivity  region1.v2.argotunnel.com  PASS    QUIC connection successful    |
2026-09-18T09:24:14Z INF |  UDP Connectivity  region2.v2.argotunnel.com  PASS    QUIC connection successful    |
2026-09-18T09:24:14Z INF |  TCP Connectivity  region1.v2.argotunnel.com  PASS    HTTP/2 connection successful  |
2026-09-18T09:24:14Z INF |  TCP Connectivity  region2.v2.argotunnel.com  PASS    HTTP/2 connection successful  |
2026-09-18T09:24:14Z INF |  Cloudflare API    api.cloudflare.com:443     PASS    API is reachable              |
2026-09-18T09:24:14Z INF |                                                                                     |
2026-09-18T09:24:14Z INF |  SUMMARY: Environment is healthy. cloudflared will use 'quic' as primary protocol.  |
2026-09-18T09:24:14Z INF +-------------------------------------------------------------------------------------+
2026-09-18T09:24:14Z INF precheck component="DNS Resolution" details="DNS Resolved successfully" run_id=bd873d3f-db47-40ae-b07a-a3edf0ce154b status=pass target=region1.v2.argotunnel.com
2026-09-18T09:24:14Z INF precheck component="DNS Resolution" details="DNS Resolved successfully" run_id=bd873d3f-db47-40ae-b07a-a3edf0ce154b status=pass target=region2.v2.argotunnel.com
2026-09-18T09:24:14Z INF precheck component="UDP Connectivity" details="QUIC connection successful" run_id=bd873d3f-db47-40ae-b07a-a3edf0ce154b status=pass target=region1.v2.argotunnel.com
2026-09-18T09:24:14Z INF precheck component="UDP Connectivity" details="QUIC connection successful" run_id=bd873d3f-db47-40ae-b07a-a3edf0ce154b status=pass target=region2.v2.argotunnel.com
2026-09-18T09:24:14Z INF precheck component="TCP Connectivity" details="HTTP/2 connection successful" run_id=bd873d3f-db47-40ae-b07a-a3edf0ce154b status=pass target=region1.v2.argotunnel.com
2026-09-18T09:24:14Z INF precheck component="TCP Connectivity" details="HTTP/2 connection successful" run_id=bd873d3f-db47-40ae-b07a-a3edf0ce154b status=pass target=region2.v2.argotunnel.com
2026-09-18T09:24:14Z INF precheck component="Cloudflare API" details="API is reachable" run_id=bd873d3f-db47-40ae-b07a-a3edf0ce154b status=pass target=api.cloudflare.com:443
2026-09-18T09:24:14Z INF precheck complete hard_fail=false run_id=bd873d3f-db47-40ae-b07a-a3edf0ce154b suggested_protocol=quic
2026-09-18T09:24:14Z INF Registered tunnel connection connIndex=0 connection=fa24a812-b9d1-42eb-8b7e-29cf0745cd1e event=0 ip=2606:4700:a8::1 location=bom10 protocol=quic
2026-09-18T11:45:50Z ERR Serve tunnel error error="datagram manager error: timeout: no recent network activity" connIndex=0 event=0 ip=2606:4700:a8::1
2026-09-18T11:45:50Z INF Retrying connection in up to 1s connIndex=0 event=0 ip=2606:4700:a8::1
2026-09-18T11:45:50Z INF Tunnel connection curve preferences: [X25519MLKEM768 CurveID(65074) CurveP256] connIndex=0 event=0 ip=2606:4700:a0::1
2026-09-18T11:45:50Z ERR Register tunnel error from server side error="Unauthorized: Tunnel not found" connIndex=0 event=0 ip=2606:4700:a0::1
2026-09-18T11:45:50Z INF Retrying connection in up to 4s connIndex=0 event=0 ip=2606:4700:a0::1
2026-09-18T11:45:53Z INF Tunnel connection curve preferences: [X25519MLKEM768 CurveID(65074) CurveP256] connIndex=0 event=0 ip=2606:4700:a0::1
2026-09-18T11:45:53Z ERR Register tunnel error from server side error="Unauthorized: Tunnel not found" connIndex=0 event=0 ip=2606:4700:a0::1
2026-09-18T11:45:53Z INF Retrying connection in up to 8s connIndex=0 event=0 ip=2606:4700:a0::1
2026-09-18T11:45:59Z INF Tunnel connection curve preferences: [X25519MLKEM768 CurveID(65074) CurveP256] connIndex=0 event=0 ip=2606:4700:a0::1
2026-09-18T11:45:59Z ERR Register tunnel error from server side error="Unauthorized: Tunnel not found" connIndex=0 event=0 ip=2606:4700:a0::1
2026-09-18T11:45:59Z INF Retrying connection in up to 16s connIndex=0 event=0 ip=2606:4700:a0::1
2026-09-18T11:46:11Z INF Tunnel connection curve preferences: [X25519MLKEM768 CurveID(65074) CurveP256] connIndex=0 event=0 ip=2606:4700:a0::1
2026-09-18T11:46:11Z ERR Register tunnel error from server side error="Unauthorized: Tunnel not found" connIndex=0 event=0 ip=2606:4700:a0::1
2026-09-18T11:46:11Z INF Retrying connection in up to 32s connIndex=0 event=0 ip=2606:4700:a0::1
2026-09-18T11:46:34Z INF Tunnel connection curve preferences: [X25519MLKEM768 CurveID(65074) CurveP256] connIndex=0 event=0 ip=2606:4700:a0::1
2026-09-18T11:46:34Z ERR Register tunnel error from server side error="Unauthorized: Tunnel not found" connIndex=0 event=0 ip=2606:4700:a0::1
2026-09-18T11:46:34Z INF Retrying connection in up to 1m4s connIndex=0 event=0 ip=2606:4700:a0::1
2026-09-18T11:46:48Z INF Tunnel connection curve preferences: [X25519MLKEM768 CurveID(65074) CurveP256] connIndex=0 event=0 ip=2606:4700:a0::1
2026-09-18T11:46:48Z ERR Register tunnel error from server side error="Unauthorized: Tunnel not found" connIndex=0 event=0 ip=2606:4700:a0::1
2026-09-18T11:46:48Z INF Retrying connection in up to 1m4s connIndex=0 event=0 ip=2606:4700:a0::1
2026-09-18T11:47:01Z INF Tunnel connection curve preferences: [X25519MLKEM768 CurveID(65074) CurveP256] connIndex=0 event=0 ip=2606:4700:a0::1
2026-09-18T11:47:01Z ERR Register tunnel error from server side error="Unauthorized: Tunnel not found" connIndex=0 event=0 ip=2606:4700:a0::1
2026-09-18T11:47:01Z INF Retrying connection in up to 1m4s connIndex=0 event=0 ip=2606:4700:a0::1
2026-09-18T11:47:23Z INF Tunnel connection curve preferences: [X25519MLKEM768 CurveID(65074) CurveP256] connIndex=0 event=0 ip=2606:4700:a0::1
2026-09-18T11:47:23Z ERR Register tunnel error from server side error="Unauthorized: Tunnel not found" connIndex=0 event=0 ip=2606:4700:a0::1
2026-09-18T11:47:23Z INF Retrying connection in up to 1m4s connIndex=0 event=0 ip=2606:4700:a0::1
2026-09-18T11:47:32Z INF Tunnel connection curve preferences: [X25519MLKEM768 CurveID(65074) CurveP256] connIndex=0 event=0 ip=2606:4700:a0::1
2026-09-18T11:47:32Z ERR Register tunnel error from server side error="Unauthorized: Tunnel not found" connIndex=0 event=0 ip=2606:4700:a0::1
2026-09-18T11:47:32Z INF Retrying connection in up to 1m4s connIndex=0 event=0 ip=2606:4700:a0::1
2026-09-18T11:47:33Z INF Tunnel connection curve preferences: [X25519MLKEM768 CurveID(65074) CurveP256] connIndex=0 event=0 ip=2606:4700:a0::1
2026-09-18T11:47:33Z ERR Register tunnel error from server side error="Unauthorized: Tunnel not found" connIndex=0 event=0 ip=2606:4700:a0::1
2026-09-18T11:47:33Z INF Retrying connection in up to 1m4s connIndex=0 event=0 ip=2606:4700:a0::1
2026-09-18T11:47:46Z INF Tunnel connection curve preferences: [X25519MLKEM768 CurveID(65074) CurveP256] connIndex=0 event=0 ip=2606:4700:a0::1
2026-09-18T11:47:46Z ERR Register tunnel error from server side error="Unauthorized: Tunnel not found" connIndex=0 event=0 ip=2606:4700:a0::1
2026-09-18T11:47:46Z INF Retrying connection in up to 1m4s connIndex=0 event=0 ip=2606:4700:a0::1
2026-09-18T11:48:12Z INF Tunnel connection curve preferences: [X25519MLKEM768 CurveID(65074) CurveP256] connIndex=0 event=0 ip=2606:4700:a0::1
2026-09-18T11:48:12Z ERR Register tunnel error from server side error="Unauthorized: Tunnel not found" connIndex=0 event=0 ip=2606:4700:a0::1
2026-09-18T11:48:12Z INF Retrying connection in up to 1m4s connIndex=0 event=0 ip=2606:4700:a0::1
2026-09-18T11:48:23Z INF Tunnel connection curve preferences: [X25519MLKEM768 CurveID(65074) CurveP256] connIndex=0 event=0 ip=2606:4700:a0::1
2026-09-18T11:48:23Z ERR Register tunnel error from server side error="Unauthorized: Tunnel not found" connIndex=0 event=0 ip=2606:4700:a0::1
2026-09-18T11:48:23Z INF Retrying connection in up to 1m4s connIndex=0 event=0 ip=2606:4700:a0::1
2026-09-18T11:48:30Z INF Tunnel connection curve preferences: [X25519MLKEM768 CurveID(65074) CurveP256] connIndex=0 event=0 ip=2606:4700:a0::1
2026-09-18T11:48:30Z ERR Register tunnel error from server side error="Unauthorized: Tunnel not found" connIndex=0 event=0 ip=2606:4700:a0::1
2026-09-18T11:48:30Z INF Retrying connection in up to 1m4s connIndex=0 event=0 ip=2606:4700:a0::1
2026-09-18T11:48:40Z INF Tunnel connection curve preferences: [X25519MLKEM768 CurveID(65074) CurveP256] connIndex=0 event=0 ip=2606:4700:a0::1
2026-09-18T11:48:40Z ERR Register tunnel error from server side error="Unauthorized: Tunnel not found" connIndex=0 event=0 ip=2606:4700:a0::1
2026-09-18T11:48:40Z INF Retrying connection in up to 1m4s connIndex=0 event=0 ip=2606:4700:a0::1
2026-09-18T11:48:41Z INF Tunnel connection curve preferences: [X25519MLKEM768 CurveID(65074) CurveP256] connIndex=0 event=0 ip=2606:4700:a0::1
2026-09-18T11:48:41Z ERR Register tunnel error from server side error="Unauthorized: Tunnel not found" connIndex=0 event=0 ip=2606:4700:a0::1
2026-09-18T11:48:41Z INF Retrying connection in up to 1m4s connIndex=0 event=0 ip=2606:4700:a0::1
2026-09-18T11:48:44Z INF Tunnel connection curve preferences: [X25519MLKEM768 CurveID(65074) CurveP256] connIndex=0 event=0 ip=2606:4700:a0::1
2026-09-18T11:48:44Z ERR Register tunnel error from server side error="Unauthorized: Tunnel not found" connIndex=0 event=0 ip=2606:4700:a0::1
2026-09-18T11:48:44Z INF Retrying connection in up to 1m4s connIndex=0 event=0 ip=2606:4700:a0::1
2026-09-18T11:48:57Z INF Tunnel connection curve preferences: [X25519MLKEM768 CurveID(65074) CurveP256] connIndex=0 event=0 ip=2606:4700:a0::1
2026-09-18T11:48:57Z ERR Register tunnel error from server side error="Unauthorized: Tunnel not found" connIndex=0 event=0 ip=2606:4700:a0::1
2026-09-18T11:48:57Z INF Retrying connection in up to 1m4s connIndex=0 event=0 ip=2606:4700:a0::1
2026-09-18T11:48:57Z INF Tunnel connection curve preferences: [X25519MLKEM768 CurveID(65074) CurveP256] connIndex=0 event=0 ip=2606:4700:a0::1
2026-09-18T11:48:58Z ERR Register tunnel error from server side error="Unauthorized: Tunnel not found" connIndex=0 event=0 ip=2606:4700:a0::1
2026-09-18T11:48:58Z INF Retrying connection in up to 1m4s connIndex=0 event=0 ip=2606:4700:a0::1
2026-09-18T11:49:03Z INF Tunnel connection curve preferences: [X25519MLKEM768 CurveID(65074) CurveP256] connIndex=0 event=0 ip=2606:4700:a0::1
2026-09-18T11:49:03Z ERR Register tunnel error from server side error="Unauthorized: Tunnel not found" connIndex=0 event=0 ip=2606:4700:a0::1
2026-09-18T11:49:03Z INF Retrying connection in up to 1m4s connIndex=0 event=0 ip=2606:4700:a0::1
2026-09-18T11:49:09Z INF Tunnel connection curve preferences: [X25519MLKEM768 CurveID(65074) CurveP256] connIndex=0 event=0 ip=2606:4700:a0::1
2026-09-18T11:49:09Z ERR Register tunnel error from server side error="Unauthorized: Tunnel not found" connIndex=0 event=0 ip=2606:4700:a0::1
2026-09-18T11:49:09Z INF Retrying connection in up to 1m4s connIndex=0 event=0 ip=2606:4700:a0::1
2026-09-18T11:49:21Z INF Tunnel connection curve preferences: [X25519MLKEM768 CurveID(65074) CurveP256] connIndex=0 event=0 ip=2606:4700:a0::1
2026-09-18T11:49:21Z ERR Register tunnel error from server side error="Unauthorized: Tunnel not found" connIndex=0 event=0 ip=2606:4700:a0::1
2026-09-18T11:49:21Z INF Retrying connection in up to 1m4s connIndex=0 event=0 ip=2606:4700:a0::1
2026-09-18T11:49:42Z INF Tunnel connection curve preferences: [X25519MLKEM768 CurveID(65074) CurveP256] connIndex=0 event=0 ip=2606:4700:a0::1
2026-09-18T11:49:43Z ERR Register tunnel error from server side error="Unauthorized: Tunnel not found" connIndex=0 event=0 ip=2606:4700:a0::1
2026-09-18T11:49:43Z INF Retrying connection in up to 1m4s connIndex=0 event=0 ip=2606:4700:a0::1
2026-09-18T11:49:49Z INF Tunnel connection curve preferences: [X25519MLKEM768 CurveID(65074) CurveP256] connIndex=0 event=0 ip=2606:4700:a0::1
2026-09-18T11:49:49Z ERR Register tunnel error from server side error="Unauthorized: Tunnel not found" connIndex=0 event=0 ip=2606:4700:a0::1
2026-09-18T11:49:49Z INF Retrying connection in up to 1m4s connIndex=0 event=0 ip=2606:4700:a0::1
2026-09-18T11:50:09Z INF Tunnel connection curve preferences: [X25519MLKEM768 CurveID(65074) CurveP256] connIndex=0 event=0 ip=2606:4700:a0::1
2026-09-18T11:50:09Z ERR Register tunnel error from server side error="Unauthorized: Tunnel not found" connIndex=0 event=0 ip=2606:4700:a0::1
2026-09-18T11:50:09Z INF Retrying connection in up to 1m4s connIndex=0 event=0 ip=2606:4700:a0::1
2026-09-18T11:50:29Z INF Tunnel connection curve preferences: [X25519MLKEM768 CurveID(65074) CurveP256] connIndex=0 event=0 ip=2606:4700:a0::1
2026-09-18T11:50:29Z ERR Register tunnel error from server side error="Unauthorized: Tunnel not found" connIndex=0 event=0 ip=2606:4700:a0::1
2026-09-18T11:50:29Z INF Retrying connection in up to 1m4s connIndex=0 event=0 ip=2606:4700:a0::1
2026-09-18T11:50:58Z INF Tunnel connection curve preferences: [X25519MLKEM768 CurveID(65074) CurveP256] connIndex=0 event=0 ip=2606:4700:a0::1
2026-09-18T11:50:59Z ERR Register tunnel error from server side error="Unauthorized: Tunnel not found" connIndex=0 event=0 ip=2606:4700:a0::1
2026-09-18T11:50:59Z INF Retrying connection in up to 1m4s connIndex=0 event=0 ip=2606:4700:a0::1
2026-09-18T11:51:03Z INF Tunnel connection curve preferences: [X25519MLKEM768 CurveID(65074) CurveP256] connIndex=0 event=0 ip=2606:4700:a0::1
2026-09-18T11:51:03Z ERR Register tunnel error from server side error="Unauthorized: Tunnel not found" connIndex=0 event=0 ip=2606:4700:a0::1
2026-09-18T11:51:03Z INF Retrying connection in up to 1m4s connIndex=0 event=0 ip=2606:4700:a0::1
2026-09-18T11:51:28Z INF Tunnel connection curve preferences: [X25519MLKEM768 CurveID(65074) CurveP256] connIndex=0 event=0 ip=2606:4700:a0::1
2026-09-18T11:51:28Z ERR Register tunnel error from server side error="Unauthorized: Tunnel not found" connIndex=0 event=0 ip=2606:4700:a0::1
2026-09-18T11:51:28Z INF Retrying connection in up to 1m4s connIndex=0 event=0 ip=2606:4700:a0::1
2026-09-18T11:51:40Z INF Tunnel connection curve preferences: [X25519MLKEM768 CurveID(65074) CurveP256] connIndex=0 event=0 ip=2606:4700:a0::1
2026-09-18T11:51:40Z ERR Register tunnel error from server side error="Unauthorized: Tunnel not found" connIndex=0 event=0 ip=2606:4700:a0::1
2026-09-18T11:51:40Z INF Retrying connection in up to 1m4s connIndex=0 event=0 ip=2606:4700:a0::1
2026-09-18T11:52:05Z INF Tunnel connection curve preferences: [X25519MLKEM768 CurveID(65074) CurveP256] connIndex=0 event=0 ip=2606:4700:a0::1
2026-09-18T11:52:05Z ERR Register tunnel error from server side error="Unauthorized: Tunnel not found" connIndex=0 event=0 ip=2606:4700:a0::1
2026-09-18T11:52:05Z INF Retrying connection in up to 1m4s connIndex=0 event=0 ip=2606:4700:a0::1
2026-09-18T11:52:37Z INF Tunnel connection curve preferences: [X25519MLKEM768 CurveID(65074) CurveP256] connIndex=0 event=0 ip=2606:4700:a0::1
2026-09-18T11:52:37Z ERR Register tunnel error from server side error="Unauthorized: Tunnel not found" connIndex=0 event=0 ip=2606:4700:a0::1
2026-09-18T11:52:37Z INF Retrying connection in up to 1m4s connIndex=0 event=0 ip=2606:4700:a0::1
2026-09-18T11:52:42Z INF Tunnel connection curve preferences: [X25519MLKEM768 CurveID(65074) CurveP256] connIndex=0 event=0 ip=2606:4700:a0::1
2026-09-18T11:52:42Z ERR Register tunnel error from server side error="Unauthorized: Tunnel not found" connIndex=0 event=0 ip=2606:4700:a0::1
2026-09-18T11:52:42Z INF Retrying connection in up to 1m4s connIndex=0 event=0 ip=2606:4700:a0::1
2026-09-18T11:52:50Z INF Tunnel connection curve preferences: [X25519MLKEM768 CurveID(65074) CurveP256] connIndex=0 event=0 ip=2606:4700:a0::1
2026-09-18T11:52:50Z ERR Register tunnel error from server side error="Unauthorized: Tunnel not found" connIndex=0 event=0 ip=2606:4700:a0::1
2026-09-18T11:52:50Z INF Retrying connection in up to 1m4s connIndex=0 event=0 ip=2606:4700:a0::1
2026-09-18T11:52:50Z INF Tunnel connection curve preferences: [X25519MLKEM768 CurveID(65074) CurveP256] connIndex=0 event=0 ip=2606:4700:a0::1
2026-09-18T11:52:50Z ERR Register tunnel error from server side error="Unauthorized: Tunnel not found" connIndex=0 event=0 ip=2606:4700:a0::1
2026-09-18T11:52:50Z INF Retrying connection in up to 1m4s connIndex=0 event=0 ip=2606:4700:a0::1
2026-09-18T11:52:56Z INF Tunnel connection curve preferences: [X25519MLKEM768 CurveID(65074) CurveP256] connIndex=0 event=0 ip=2606:4700:a0::1
2026-09-18T11:52:56Z ERR Register tunnel error from server side error="Unauthorized: Tunnel not found" connIndex=0 event=0 ip=2606:4700:a0::1
2026-09-18T11:52:56Z INF Retrying connection in up to 1m4s connIndex=0 event=0 ip=2606:4700:a0::1
2026-09-18T11:53:09Z INF Tunnel connection curve preferences: [X25519MLKEM768 CurveID(65074) CurveP256] connIndex=0 event=0 ip=2606:4700:a0::1
2026-09-18T11:53:09Z ERR Register tunnel error from server side error="Unauthorized: Tunnel not found" connIndex=0 event=0 ip=2606:4700:a0::1
2026-09-18T11:53:09Z INF Retrying connection in up to 1m4s connIndex=0 event=0 ip=2606:4700:a0::1
2026-09-18T11:53:26Z INF Tunnel connection curve preferences: [X25519MLKEM768 CurveID(65074) CurveP256] connIndex=0 event=0 ip=2606:4700:a0::1
2026-09-18T11:53:26Z ERR Register tunnel error from server side error="Unauthorized: Tunnel not found" connIndex=0 event=0 ip=2606:4700:a0::1
2026-09-18T11:53:26Z INF Retrying connection in up to 1m4s connIndex=0 event=0 ip=2606:4700:a0::1
2026-09-18T11:53:57Z INF Tunnel connection curve preferences: [X25519MLKEM768 CurveID(65074) CurveP256] connIndex=0 event=0 ip=2606:4700:a0::1
2026-09-18T11:53:57Z ERR Register tunnel error from server side error="Unauthorized: Tunnel not found" connIndex=0 event=0 ip=2606:4700:a0::1
2026-09-18T11:53:57Z INF Retrying connection in up to 1m4s connIndex=0 event=0 ip=2606:4700:a0::1
2026-09-18T11:54:07Z INF Tunnel connection curve preferences: [X25519MLKEM768 CurveID(65074) CurveP256] connIndex=0 event=0 ip=2606:4700:a0::1
2026-09-18T11:54:08Z ERR Register tunnel error from server side error="Unauthorized: Tunnel not found" connIndex=0 event=0 ip=2606:4700:a0::1
2026-09-18T11:54:08Z INF Retrying connection in up to 1m4s connIndex=0 event=0 ip=2606:4700:a0::1
2026-09-18T11:54:09Z INF Tunnel connection curve preferences: [X25519MLKEM768 CurveID(65074) CurveP256] connIndex=0 event=0 ip=2606:4700:a0::1
2026-09-18T11:54:09Z ERR Register tunnel error from server side error="Unauthorized: Tunnel not found" connIndex=0 event=0 ip=2606:4700:a0::1
2026-09-18T11:54:09Z INF Retrying connection in up to 1m4s connIndex=0 event=0 ip=2606:4700:a0::1
2026-09-18T11:54:09Z INF Tunnel connection curve preferences: [X25519MLKEM768 CurveID(65074) CurveP256] connIndex=0 event=0 ip=2606:4700:a0::1
2026-09-18T11:54:09Z ERR Register tunnel error from server side error="Unauthorized: Tunnel not found" connIndex=0 event=0 ip=2606:4700:a0::1
2026-09-18T11:54:09Z INF Retrying connection in up to 1m4s connIndex=0 event=0 ip=2606:4700:a0::1
2026-09-18T11:54:30Z INF Tunnel connection curve preferences: [X25519MLKEM768 CurveID(65074) CurveP256] connIndex=0 event=0 ip=2606:4700:a0::1
2026-09-18T11:54:30Z ERR Register tunnel error from server side error="Unauthorized: Tunnel not found" connIndex=0 event=0 ip=2606:4700:a0::1
2026-09-18T11:54:30Z INF Retrying connection in up to 1m4s connIndex=0 event=0 ip=2606:4700:a0::1
2026-09-18T11:54:49Z INF Tunnel connection curve preferences: [X25519MLKEM768 CurveID(65074) CurveP256] connIndex=0 event=0 ip=2606:4700:a0::1
2026-09-18T11:54:50Z ERR Register tunnel error from server side error="Unauthorized: Tunnel not found" connIndex=0 event=0 ip=2606:4700:a0::1
2026-09-18T11:54:50Z INF Retrying connection in up to 1m4s connIndex=0 event=0 ip=2606:4700:a0::1
2026-09-18T11:54:59Z INF Tunnel connection curve preferences: [X25519MLKEM768 CurveID(65074) CurveP256] connIndex=0 event=0 ip=2606:4700:a0::1
2026-09-18T11:54:59Z ERR Register tunnel error from server side error="Unauthorized: Tunnel not found" connIndex=0 event=0 ip=2606:4700:a0::1
2026-09-18T11:54:59Z INF Retrying connection in up to 1m4s connIndex=0 event=0 ip=2606:4700:a0::1
2026-09-18T11:55:26Z INF Tunnel connection curve preferences: [X25519MLKEM768 CurveID(65074) CurveP256] connIndex=0 event=0 ip=2606:4700:a0::1
2026-09-18T11:55:26Z ERR Register tunnel error from server side error="Unauthorized: Tunnel not found" connIndex=0 event=0 ip=2606:4700:a0::1
2026-09-18T11:55:26Z INF Retrying connection in up to 1m4s connIndex=0 event=0 ip=2606:4700:a0::1
2026-09-18T11:55:55Z INF Tunnel connection curve preferences: [X25519MLKEM768 CurveID(65074) CurveP256] connIndex=0 event=0 ip=2606:4700:a0::1
2026-09-18T11:55:55Z ERR Register tunnel error from server side error="Unauthorized: Tunnel not found" connIndex=0 event=0 ip=2606:4700:a0::1
2026-09-18T11:55:55Z INF Retrying connection in up to 1m4s connIndex=0 event=0 ip=2606:4700:a0::1
2026-09-18T11:56:04Z INF Initiating graceful shutdown due to signal terminated ...
2026-09-18T11:56:04Z ERR Connection terminated connIndex=0
2026-09-18T11:56:04Z ERR no more connections active and exiting
2026-09-18T11:56:04Z INF Tunnel server stopped
2026-09-18T11:56:04Z INF Metrics server stopped
